// Jest Snapshot v1, https://goo.gl/fbAQLP

exports[`cacheAddedFiles option should cache added files: errors 1`] = `Array []`;

exports[`cacheAddedFiles option should cache added files: errors 2`] = `Array []`;

exports[`cacheAddedFiles option should cache added files: warnings 1`] = `Array []`;

exports[`cacheAddedFiles option should cache added files: warnings 2`] = `Array []`;

exports[`cacheAddedFiles option should not cache added files: errors 1`] = `Array []`;

exports[`cacheAddedFiles option should not cache added files: errors 2`] = `Array []`;

exports[`cacheAddedFiles option should not cache added files: warnings 1`] = `Array []`;

exports[`cacheAddedFiles option should not cache added files: warnings 2`] = `Array []`;
